// Jest Snapshot v1, https://goo.gl/fbAQLP

exports[`genesis block given the application has not been initialized when chain module is bootstrapped should have correct validator list 1`] = `
[
  "klyzbfnydosaoobnohtwxaf6ukw6uux7kjw4n9x9z",
  "klyz3efmer9ue4m79zdfysmkc2juywap4sq3x4x8v",
  "klyzehue2gvhoj2mmxcf346tr6ugzcyrogot4dsw7",
  "klyzjaf6dqn2erfyhaeykkx93gfhyduydrt7jfcmj",
  "klyxbfbn25928s6o93kcvn57fk8wkav77za8boa8n",
  "klyx8sbsn3epecou3n6k294aa2j6p96r95mgvkd4d",
  "klyx2zmbmhj54fc6sur6u6xmss63qk438quuv4uvd",
  "klyxasqfwd7ufdcneq3xampjbcjhdv8c33c8da9st",
  "klyvw8rzzk7avbn3yeccgxnxdkzntrdafa8njx486",
  "klyvap66hz3jkcfgdrjju2qfu252m9njojg7dfbz5",
  "klyczwthudebbvx8q4dtbhhdpgnf6gukk49t7xq3f",
  "klycnwoypw42opf9pmjb8a9mphdo9dy9kwocfkj33",
  "klypaycyn8vfoz2624tv4drtf528vcr25yarhkj27",
  "klypdkhogoksw32w72o7ko87zy37vrchprncaygt7",
  "klymncre4ugrobe8c5d9seg7fxavb9qhh85tru872",
  "klymnqzqp9zgc7cot493ymf9mxp2ftbkwyfvvvs5s",
  "klym9syv4wrjcjczpegz65zqxhk2cp9dkejs5wbjb",
  "klybocsxano2synz65arf57urdod9vpnz92jyutba",
  "klybkjaf6rz7q3gr7685st45enck6gg2rv3cwnxfg",
  "klynawvw3g22pqpthpu7hp7gdaw4tcdhyqg3kcgft",
  "kly3nck2ss265ewz83an7sm8sxeprj8gb8jpwghh6",
  "kly35fujsdcztvdogxkrtw9qmhvgfe54hguvk9d42",
  "kly3rch28vxptrn25ycwbkedsdfjrbba6p449qxv3",
  "kly4vzmwoj9u2ux3rbb3ooc562bufd54c4g53c9pa",
  "kly4m2j556votnsw4pp3razmekra9j7k3h53g892e",
  "kly4ndymyurug4tjd7by4c2data8ugu8z9htz4pgk",
  "kly49yq7wmrdj5g4qwfqkhh8dfajm6e5jy6kpcw7s",
  "kly4yhn48oqrcop2dcf9rx98chwq5xd78ncdp5dze",
  "kly6x5ho6afapgz3m9dsjkta69pypcpnjfhgvf57g",
  "kly6xuxd9ce8zp2rhh4w4xxy67bem4p26rve5d9yv",
  "kly6m3fpdoma2wn8heojbcq7yvkfztd4wocd5jcd9",
  "kly67tphq7jv2de48ny9vg7m3g3obqhohg62ednwz",
  "kly62zyuwd54u7j66e5j5nsb7se4o9xrrq2y3fad4",
  "kly5z2xn8uo2nocv2ambo6th95gjaanm23wcdx67k",
  "kly5ccg4kk4p4gudyoyo8d853yzb6fosvtgvn2bfq",
  "kly58bg7aw324f9vcuxzvccp2w9g5j3rgjtxdrsoe",
  "kly5yt9mvrexh6n3otxzokhn26srb2bnkf2n8sc2j",
  "kly52ng6x2mfwuzsm3njqjd6qjv3qog5m9zcuar9t",
  "klyo8fvaz2es3gq2bs74h5bspn3v83o56ug4vxsy8",
  "kly99zx2f7puw9o2y4b5qa8gro6ex3vym63zhbzwj",
  "kly9jbaupyvhrjqgqgmw5txwe9oebrfrn3w9utamt",
  "kly9guc8mhbojn9sku37rc9cj4x9qjqx37kb7rofa",
  "kly7bnnadbvkodpybftfd37c3ken7so2rmrvaq9v2",
  "kly73nedj8mrndscm5j3rfpmyhvxfwfztuesfns27",
  "kly7o85r3r6a5pghy46euzvsqysxxaja6ojwjjxnm",
  "kly7kstn55oz7v5w6526w2m3w667kzmwkyu3heou5",
  "kly7f94sph9ekaj6ht69ve9p4474ug7t4k3q8eooh",
  "klyu8cgpnxahzpm2dsomh8cbmpak8ndohdy7zyarm",
  "klyu8gq5pzxkmjjsvmybbqogoss758hzrwyt5e2ha",
  "klyyzpc2mo744vxv64zvjwzxu3v8zrgkpfdxjfnwt",
  "klyy9xy9pje4mhwm2pece6m2nqka5b7wh6t3pd6nk",
  "klyr6n7zz8nu4s3x3srjagwg6x9s93gwdrtthdfdc",
  "klyr5m8s55pesnwt3xa7h95bseno57ss8jd9xhjhz",
  "klyr585ygymbs7zysufsq8ajvt675afk67s4yroy2",
  "klyrdbaq6dvmxqapr9y9tooxeupjcxfdfbxjmsaxh",
  "klykxybysk3zzvn8cfoyezjj4aerqezowjy3kmduj",
  "klyk56ykf5a2eu3bbergzfjkxnk2tsec74ao7a7ce",
  "klykkr49g8r3km2hvscqqw5j9muk3qxpfq8e8r5zo",
  "klyka2o6t77y275ydsrrhf4nwy74a9ja9au93r3db",
  "klyq4b6wfw3xj88z3hh3eh79f4obsgshpzfjkzuve",
  "klyempncjfw37rqcopncoc557dyrapbwgfsf7s84t",
  "klyemoeqpxmrcog9fakup7vfbpdd5hzgpvqb37uuf",
  "klye79szyjcb338j5nktwtzfne5dqx4yeky4bmc36",
  "klye2p8qzvckrmuwxyy4tga5ht3gzfoohjcwn6h5r",
  "klyw37yrrj5sob5ccrcqw8yrpsgycqouptaaah3vh",
  "klyw6eje9bqdgbfcoohcv6h3cwy3nh4xcy3596jqa",
  "klywrf47r72v4kwztoxtzu9c6dmfxk3dssqf5k7b3",
  "klywdebjq43kqxryvkdgrs5xncoeq98kztgz24mq9",
  "kly2o6apwx97jj8brbvtubw3zuusmzbhbphdewywg",
  "kly29kv8aaazygokvjhsgebdkqq7qdeq6nek64nhj",
  "klyab6r8u2gdgcexuuo9pvrh8omfq5rj24huhsb3h",
  "klyabs6hup2yrjdgp2ubo8sfpyjh7j84xoyqjjpe6",
  "klya6emdpsggs59yont5mkkbdpgxj45s8dsd7a6vq",
  "klya5wdez5r8ngm7gnne29xjas8mdezgdohg8x22g",
  "klyaoj7mhymh8fg99acmyegqtdfsrfmz9rtwngutw",
  "klya9czwhconcuf42em4phwa4sagn2oc5wqhkyn3z",
  "klyajfx3yrnqo7nz29dfq7cdexwnhsygtuh9sxzxq",
  "klydn4r84twy6gghbp3wmv3h2y2k434duxb48smtu",
  "klyd559jb62xz7gz46k8q3emcq4p7spybjf9kb6xp",
  "klyd2e7stmpavszb2vanfpty38xckb8sdtxq3ydks",
  "klysu2dvcqbhposutzmfgtgfpphghtvcjovot3hxj",
  "klysrcpvqtnrwxs4wwswxyndcq7g9gw7h9f5gyyz2",
  "klysqjunjzxkhh66k7hmpd7onudv7fbcvu5c63vrr",
  "klyswkz494fvn9ox26tarxjqtn9krhy8woqh9zsd7",
  "klysd5ywxrkfxwr2e9j94ygcdx6uw93hwxwrg5sxx",
  "klysh2u2myvhrhap6rem2qrn4xvjhfmf72uc8te55",
  "klyjzazttbq7e9h4fut39tqt9a6o3mohcgvc7xaqt",
  "klyhbspwdb7q6rz29h6q7dzmsucyxqt5kcoh2ntop",
  "klyh5garjfhbnu96ay8jcf48ksqm4fprvmjqjjnjv",
  "klyh83auhm8gzzm3vkeg5zcjncqvgym3m4wxxvc58",
  "klyhr2u9a6nttptb5uaaa65gbwsnu84qcmf6xhch3",
  "klyhkv238kpyh3megyu3597jzgydsbgsp9pyz67wr",
  "klyhfwpgm6k7mxeuyttfdctx2efp8vpb5aksbyjoe",
  "klyfzmz5q5ohus66p3qrhwbo66662g6v67xszupb6",
  "klyfbshouzfxtdffvth36hs4rnpoq2wphoojm7j2e",
  "klyfneqvpykn69d4t3u3dshvhfrfhqubfssu53xo8",
  "klyf9fjmrn5jov3vedtwqz4twqjdz55w6nr94vabd",
  "klyf25agk9xp2wg655x2doxr4t3buf4chy3ya2qnm",
  "klygt56uxf6dg9rsjvucuga5hxumqqazgw8wugv3s",
  "klygd8uwxw4og6fteefvwnsgvevnheqs2up4paqko",
  "klygf35ftsjy7m92wx8rwfz8p6z2h7em7ah8aj375",
]
`;
